(node:29996) [DEP0205] DeprecationWarning: `module.register()` is deprecated. Use `module.registerHooks()` instead.
(Use `node --trace-deprecation ...` to show where the warning was created)
⨯ The requested resource "https://placehold.co/600x400/1e3a5f/ffffff?text=Windows+11+Pro" has type "image/svg+xml" but dangerouslyAllowSVG is disabled. Consider adding the "unoptimized" property to the <Image>.
⨯ The requested resource "https://placehold.co/600x400/ff0000/ffffff?text=Adobe+CC" has type "image/svg+xml" but dangerouslyAllowSVG is disabled. Consider adding the "unoptimized" property to the <Image>.
⨯ The requested resource "https://placehold.co/600x400/00a4ef/ffffff?text=Windows+11+Pro" has type "image/svg+xml" but dangerouslyAllowSVG is disabled. Consider adding the "unoptimized" property to the <Image>.
⨯ The requested resource "https://placehold.co/600x400/e53935/ffffff?text=Netflix+4K" has type "image/svg+xml" but dangerouslyAllowSVG is disabled. Consider adding the "unoptimized" property to the <Image>.
⨯ The requested resource "https://placehold.co/600x400/1a73e8/ffffff?text=Kaspersky+IS" has type "image/svg+xml" but dangerouslyAllowSVG is disabled. Consider adding the "unoptimized" property to the <Image>.
⨯ The requested resource "https://placehold.co/600x400/7b1fa2/ffffff?text=Tool+MMO+Pro" has type "image/svg+xml" but dangerouslyAllowSVG is disabled. Consider adding the "unoptimized" property to the <Image>.
⨯ The requested resource "https://placehold.co/600x400/4a1d8e/ffffff?text=Office+365" has type "image/svg+xml" but dangerouslyAllowSVG is disabled. Consider adding the "unoptimized" property to the <Image>.
⨯ The requested resource "https://placehold.co/600x400/8b1a1a/ffffff?text=Adobe+CC" has type "image/svg+xml" but dangerouslyAllowSVG is disabled. Consider adding the "unoptimized" property to the <Image>.
⨯ The requested resource "https://placehold.co/600x400/1e3a5f/ffffff?text=Windows+11+Pro" has type "image/svg+xml" but dangerouslyAllowSVG is disabled. Consider adding the "unoptimized" property to the <Image>.
⨯ The requested resource "https://placehold.co/600x400/ff0000/ffffff?text=Adobe+CC" has type "image/svg+xml" but dangerouslyAllowSVG is disabled. Consider adding the "unoptimized" property to the <Image>.
⨯ The requested resource "https://placehold.co/600x400/7b1fa2/ffffff?text=Tool+MMO+Pro" has type "image/svg+xml" but dangerouslyAllowSVG is disabled. Consider adding the "unoptimized" property to the <Image>.
⨯ The requested resource "https://placehold.co/600x400/1a73e8/ffffff?text=Kaspersky+IS" has type "image/svg+xml" but dangerouslyAllowSVG is disabled. Consider adding the "unoptimized" property to the <Image>.
⨯ The requested resource "https://placehold.co/600x400/e53935/ffffff?text=Netflix+4K" has type "image/svg+xml" but dangerouslyAllowSVG is disabled. Consider adding the "unoptimized" property to the <Image>.
⨯ The requested resource "https://placehold.co/600x400/00a4ef/ffffff?text=Windows+11+Pro" has type "image/svg+xml" but dangerouslyAllowSVG is disabled. Consider adding the "unoptimized" property to the <Image>.
⨯ The requested resource "https://placehold.co/600x400/8b1a1a/ffffff?text=Adobe+CC" has type "image/svg+xml" but dangerouslyAllowSVG is disabled. Consider adding the "unoptimized" property to the <Image>.
⨯ The requested resource "https://placehold.co/600x400/1e3a5f/ffffff?text=Windows+11+Pro" has type "image/svg+xml" but dangerouslyAllowSVG is disabled. Consider adding the "unoptimized" property to the <Image>.
⨯ The requested resource "https://placehold.co/600x400/4a1d8e/ffffff?text=Office+365" has type "image/svg+xml" but dangerouslyAllowSVG is disabled. Consider adding the "unoptimized" property to the <Image>.
⨯ The requested resource "https://placehold.co/600x400/8b1a1a/ffffff?text=Adobe+CC" has type "image/svg+xml" but dangerouslyAllowSVG is disabled. Consider adding the "unoptimized" property to the <Image>.
⨯ The requested resource "https://placehold.co/600x400/ff0000/ffffff?text=Adobe+CC" has type "image/svg+xml" but dangerouslyAllowSVG is disabled. Consider adding the "unoptimized" property to the <Image>.
⨯ The requested resource "https://placehold.co/600x400/e53935/ffffff?text=Netflix+4K" has type "image/svg+xml" but dangerouslyAllowSVG is disabled. Consider adding the "unoptimized" property to the <Image>.
⨯ The requested resource "https://placehold.co/600x400/1e3a5f/ffffff?text=Windows+11+Pro" has type "image/svg+xml" but dangerouslyAllowSVG is disabled. Consider adding the "unoptimized" property to the <Image>.
⨯ The requested resource "https://placehold.co/600x400/7b1fa2/ffffff?text=Tool+MMO+Pro" has type "image/svg+xml" but dangerouslyAllowSVG is disabled. Consider adding the "unoptimized" property to the <Image>.
⨯ The requested resource "https://placehold.co/600x400/1a73e8/ffffff?text=Kaspersky+IS" has type "image/svg+xml" but dangerouslyAllowSVG is disabled. Consider adding the "unoptimized" property to the <Image>.
⨯ The requested resource "https://placehold.co/600x400/00a4ef/ffffff?text=Windows+11+Pro" has type "image/svg+xml" but dangerouslyAllowSVG is disabled. Consider adding the "unoptimized" property to the <Image>.
⨯ The requested resource "https://placehold.co/600x400/4a1d8e/ffffff?text=Office+365" has type "image/svg+xml" but dangerouslyAllowSVG is disabled. Consider adding the "unoptimized" property to the <Image>.
⨯ The requested resource "https://placehold.co/600x400/8b1a1a/ffffff?text=Adobe+CC" has type "image/svg+xml" but dangerouslyAllowSVG is disabled. Consider adding the "unoptimized" property to the <Image>.
⨯ The requested resource "https://placehold.co/600x400/1e3a5f/ffffff?text=Windows+11+Pro" has type "image/svg+xml" but dangerouslyAllowSVG is disabled. Consider adding the "unoptimized" property to the <Image>.
⨯ The requested resource "https://placehold.co/600x400/4a1d8e/ffffff?text=Office+365" has type "image/svg+xml" but dangerouslyAllowSVG is disabled. Consider adding the "unoptimized" property to the <Image>.
⨯ The requested resource "https://placehold.co/600x400/8b1a1a/ffffff?text=Adobe+CC" has type "image/svg+xml" but dangerouslyAllowSVG is disabled. Consider adding the "unoptimized" property to the <Image>.
⨯ The requested resource "https://placehold.co/600x400/1e3a5f/ffffff?text=Windows+11+Pro" has type "image/svg+xml" but dangerouslyAllowSVG is disabled. Consider adding the "unoptimized" property to the <Image>.
⨯ The requested resource "https://placehold.co/600x400/4a1d8e/ffffff?text=Office+365" has type "image/svg+xml" but dangerouslyAllowSVG is disabled. Consider adding the "unoptimized" property to the <Image>.
⨯ The requested resource "https://placehold.co/600x400/8b1a1a/ffffff?text=Adobe+CC" has type "image/svg+xml" but dangerouslyAllowSVG is disabled. Consider adding the "unoptimized" property to the <Image>.
⨯ The requested resource "https://placehold.co/600x400/1e3a5f/ffffff?text=Windows+11+Pro" has type "image/svg+xml" but dangerouslyAllowSVG is disabled. Consider adding the "unoptimized" property to the <Image>.
⨯ The requested resource "https://placehold.co/600x400/4a1d8e/ffffff?text=Office+365" has type "image/svg+xml" but dangerouslyAllowSVG is disabled. Consider adding the "unoptimized" property to the <Image>.
⨯ The requested resource "https://placehold.co/600x400/8b1a1a/ffffff?text=Adobe+CC" has type "image/svg+xml" but dangerouslyAllowSVG is disabled. Consider adding the "unoptimized" property to the <Image>.
⨯ The requested resource "https://placehold.co/600x400/1e3a5f/ffffff?text=Windows+11+Pro" has type "image/svg+xml" but dangerouslyAllowSVG is disabled. Consider adding the "unoptimized" property to the <Image>.
⨯ The requested resource "https://placehold.co/600x400/4a1d8e/ffffff?text=Office+365" has type "image/svg+xml" but dangerouslyAllowSVG is disabled. Consider adding the "unoptimized" property to the <Image>.
⨯ The requested resource "https://placehold.co/600x400/8b1a1a/ffffff?text=Adobe+CC" has type "image/svg+xml" but dangerouslyAllowSVG is disabled. Consider adding the "unoptimized" property to the <Image>.
⨯ The requested resource "https://placehold.co/600x400/1e3a5f/ffffff?text=Windows+11+Pro" has type "image/svg+xml" but dangerouslyAllowSVG is disabled. Consider adding the "unoptimized" property to the <Image>.
⨯ The requested resource "https://placehold.co/600x400/4a1d8e/ffffff?text=Office+365" has type "image/svg+xml" but dangerouslyAllowSVG is disabled. Consider adding the "unoptimized" property to the <Image>.
⨯ The requested resource "https://placehold.co/600x400/8b1a1a/ffffff?text=Adobe+CC" has type "image/svg+xml" but dangerouslyAllowSVG is disabled. Consider adding the "unoptimized" property to the <Image>.
⨯ The requested resource "https://placehold.co/600x400/4a1d8e/ffffff?text=Office+365" has type "image/svg+xml" but dangerouslyAllowSVG is disabled. Consider adding the "unoptimized" property to the <Image>.
⨯ The requested resource "https://placehold.co/600x400/8b1a1a/ffffff?text=Adobe+CC" has type "image/svg+xml" but dangerouslyAllowSVG is disabled. Consider adding the "unoptimized" property to the <Image>.
⨯ The requested resource "https://placehold.co/600x400/1e3a5f/ffffff?text=Windows+11+Pro" has type "image/svg+xml" but dangerouslyAllowSVG is disabled. Consider adding the "unoptimized" property to the <Image>.
⨯ The requested resource "https://placehold.co/600x400/e53935/ffffff?text=Netflix+4K" has type "image/svg+xml" but dangerouslyAllowSVG is disabled. Consider adding the "unoptimized" property to the <Image>.
⨯ The requested resource "https://placehold.co/600x400/00a4ef/ffffff?text=Windows+11+Pro" has type "image/svg+xml" but dangerouslyAllowSVG is disabled. Consider adding the "unoptimized" property to the <Image>.
⨯ The requested resource "https://placehold.co/600x400/1a73e8/ffffff?text=Kaspersky+IS" has type "image/svg+xml" but dangerouslyAllowSVG is disabled. Consider adding the "unoptimized" property to the <Image>.
⨯ The requested resource "https://placehold.co/600x400/7b1fa2/ffffff?text=Tool+MMO+Pro" has type "image/svg+xml" but dangerouslyAllowSVG is disabled. Consider adding the "unoptimized" property to the <Image>.
⨯ The requested resource "https://placehold.co/600x400/ff0000/ffffff?text=Adobe+CC" has type "image/svg+xml" but dangerouslyAllowSVG is disabled. Consider adding the "unoptimized" property to the <Image>.
⨯ The requested resource "https://placehold.co/600x400/4a1d8e/ffffff?text=Office+365" has type "image/svg+xml" but dangerouslyAllowSVG is disabled. Consider adding the "unoptimized" property to the <Image>.
⨯ The requested resource "https://placehold.co/600x400/8b1a1a/ffffff?text=Adobe+CC" has type "image/svg+xml" but dangerouslyAllowSVG is disabled. Consider adding the "unoptimized" property to the <Image>.
[browser] Image with src "https://img.vietqr.io/image/VCB-0123456789-compact2.png?amount=50000&addInfo=NAP%20cmpea99dq0000msvqbzch2qck&accountName=NGUYEN%20VAN%20A" has either width or height modified, but not the other. If you use CSS to change the size of your image, also include the styles 'width: "auto"' or 'height: "auto"' to maintain the aspect ratio. (file://C:/Users/Chien Hust/ecommerce-digital/.next/dev/static/chunks/node_modules_next_dist_115brz8._.js:2477:13)
[browser] Image with src "https://img.vietqr.io/image/VCB-0123456789-compact2.png?amount=500000&addInfo=NAP%20cmpea99dq0000msvqbzch2qck&accountName=NGUYEN%20VAN%20A" has either width or height modified, but not the other. If you use CSS to change the size of your image, also include the styles 'width: "auto"' or 'height: "auto"' to maintain the aspect ratio. (file://C:/Users/Chien Hust/ecommerce-digital/.next/dev/static/chunks/node_modules_next_dist_115brz8._.js:2477:13)
⚠ Found a change in next.config.ts. Restarting the server to apply the changes...
(node:28064) [DEP0205] DeprecationWarning: `module.register()` is deprecated. Use `module.registerHooks()` instead.
(Use `node --trace-deprecation ...` to show where the warning was created)
[browser] Image with src "https://placehold.co/600x400/ff0000/ffffff?text=Adobe+CC" has "fill" but is missing "sizes" prop. Please add it to improve page performance. Read more: https://nextjs.org/docs/api-reference/next/image#sizes (file://C:/Users/Chien Hust/ecommerce-digital/.next/dev/static/chunks/node_modules_next_dist_115brz8._.js:2477:13)
[browser] Image with src "https://placehold.co/600x400/1a73e8/ffffff?text=Kaspersky+IS" has "fill" but is missing "sizes" prop. Please add it to improve page performance. Read more: https://nextjs.org/docs/api-reference/next/image#sizes (file://C:/Users/Chien Hust/ecommerce-digital/.next/dev/static/chunks/node_modules_next_dist_115brz8._.js:2477:13)
[browser] Image with src "https://placehold.co/600x400/1e3a5f/ffffff?text=Windows+11+Pro" has "fill" but is missing "sizes" prop. Please add it to improve page performance. Read more: https://nextjs.org/docs/api-reference/next/image#sizes (file://C:/Users/Chien Hust/ecommerce-digital/.next/dev/static/chunks/node_modules_next_dist_115brz8._.js:2477:13)
[browser] Image with src "https://placehold.co/600x400/7b1fa2/ffffff?text=Tool+MMO+Pro" has "fill" but is missing "sizes" prop. Please add it to improve page performance. Read more: https://nextjs.org/docs/api-reference/next/image#sizes (file://C:/Users/Chien Hust/ecommerce-digital/.next/dev/static/chunks/node_modules_next_dist_115brz8._.js:2477:13)
[browser] Image with src "https://placehold.co/600x400/e53935/ffffff?text=Netflix+4K" has "fill" but is missing "sizes" prop. Please add it to improve page performance. Read more: https://nextjs.org/docs/api-reference/next/image#sizes (file://C:/Users/Chien Hust/ecommerce-digital/.next/dev/static/chunks/node_modules_next_dist_115brz8._.js:2477:13)
[browser] Image with src "https://placehold.co/600x400/00a4ef/ffffff?text=Windows+11+Pro" has "fill" but is missing "sizes" prop. Please add it to improve page performance. Read more: https://nextjs.org/docs/api-reference/next/image#sizes (file://C:/Users/Chien Hust/ecommerce-digital/.next/dev/static/chunks/node_modules_next_dist_115brz8._.js:2477:13)
[browser] Image with src "https://placehold.co/600x400/4a1d8e/ffffff?text=Office+365" has "fill" but is missing "sizes" prop. Please add it to improve page performance. Read more: https://nextjs.org/docs/api-reference/next/image#sizes (file://C:/Users/Chien Hust/ecommerce-digital/.next/dev/static/chunks/node_modules_next_dist_115brz8._.js:2477:13)
[browser] Image with src "https://placehold.co/600x400/8b1a1a/ffffff?text=Adobe+CC" has "fill" but is missing "sizes" prop. Please add it to improve page performance. Read more: https://nextjs.org/docs/api-reference/next/image#sizes (file://C:/Users/Chien Hust/ecommerce-digital/.next/dev/static/chunks/node_modules_next_dist_115brz8._.js:2477:13)
[browser] Image with src "https://img.vietqr.io/image/VCB-0123456789-compact2.png?amount=50000&addInfo=NAP%20cmpea99dq0000msvqbzch2qck&accountName=NGUYEN%20VAN%20A" has either width or height modified, but not the other. If you use CSS to change the size of your image, also include the styles 'width: "auto"' or 'height: "auto"' to maintain the aspect ratio. (file://C:/Users/Chien Hust/ecommerce-digital/.next/dev/static/chunks/node_modules_next_dist_115brz8._.js:2477:13)
[browser] Image with src "https://placehold.co/600x400/ff0000/ffffff?text=Adobe+CC" has "fill" but is missing "sizes" prop. Please add it to improve page performance. Read more: https://nextjs.org/docs/api-reference/next/image#sizes (file://C:/Users/Chien Hust/ecommerce-digital/.next/dev/static/chunks/node_modules_next_dist_115brz8._.js:2477:13)
[browser] Image with src "https://placehold.co/600x400/1e3a5f/ffffff?text=Windows+11+Pro" has "fill" but is missing "sizes" prop. Please add it to improve page performance. Read more: https://nextjs.org/docs/api-reference/next/image#sizes (file://C:/Users/Chien Hust/ecommerce-digital/.next/dev/static/chunks/node_modules_next_dist_115brz8._.js:2477:13)
[browser] Image with src "https://placehold.co/600x400/00a4ef/ffffff?text=Windows+11+Pro" has "fill" but is missing "sizes" prop. Please add it to improve page performance. Read more: https://nextjs.org/docs/api-reference/next/image#sizes (file://C:/Users/Chien Hust/ecommerce-digital/.next/dev/static/chunks/node_modules_next_dist_115brz8._.js:2477:13)
[browser] Image with src "https://placehold.co/600x400/1a73e8/ffffff?text=Kaspersky+IS" has "fill" but is missing "sizes" prop. Please add it to improve page performance. Read more: https://nextjs.org/docs/api-reference/next/image#sizes (file://C:/Users/Chien Hust/ecommerce-digital/.next/dev/static/chunks/node_modules_next_dist_115brz8._.js:2477:13)
[browser] Image with src "https://placehold.co/600x400/e53935/ffffff?text=Netflix+4K" has "fill" but is missing "sizes" prop. Please add it to improve page performance. Read more: https://nextjs.org/docs/api-reference/next/image#sizes (file://C:/Users/Chien Hust/ecommerce-digital/.next/dev/static/chunks/node_modules_next_dist_115brz8._.js:2477:13)
[browser] Image with src "https://placehold.co/600x400/7b1fa2/ffffff?text=Tool+MMO+Pro" has "fill" but is missing "sizes" prop. Please add it to improve page performance. Read more: https://nextjs.org/docs/api-reference/next/image#sizes (file://C:/Users/Chien Hust/ecommerce-digital/.next/dev/static/chunks/node_modules_next_dist_115brz8._.js:2477:13)
[browser] Image with src "https://placehold.co/600x400/4a1d8e/ffffff?text=Office+365" has "fill" but is missing "sizes" prop. Please add it to improve page performance. Read more: https://nextjs.org/docs/api-reference/next/image#sizes (file://C:/Users/Chien Hust/ecommerce-digital/.next/dev/static/chunks/node_modules_next_dist_115brz8._.js:2477:13)
[browser] Image with src "https://placehold.co/600x400/8b1a1a/ffffff?text=Adobe+CC" has "fill" but is missing "sizes" prop. Please add it to improve page performance. Read more: https://nextjs.org/docs/api-reference/next/image#sizes (file://C:/Users/Chien Hust/ecommerce-digital/.next/dev/static/chunks/node_modules_next_dist_115brz8._.js:2477:13)
[browser] Image with src "https://placehold.co/600x400/1e3a5f/ffffff?text=Windows+11+Pro" was detected as the Largest Contentful Paint (LCP). Please add the `loading="eager"` property if this image is above the fold.
Read more: https://nextjs.org/docs/app/api-reference/components/image#loading (file://C:/Users/Chien Hust/ecommerce-digital/.next/dev/static/chunks/node_modules_next_dist_115brz8._.js:2477:13)
[browser] Image with src "https://placehold.co/600x400/1e3a5f/ffffff?text=Windows+11+Pro" has "fill" but is missing "sizes" prop. Please add it to improve page performance. Read more: https://nextjs.org/docs/api-reference/next/image#sizes (file://C:/Users/Chien Hust/ecommerce-digital/.next/dev/static/chunks/node_modules_next_dist_115brz8._.js:2477:13)
[browser] Image with src "https://placehold.co/600x400/ff0000/ffffff?text=Adobe+CC" has "fill" but is missing "sizes" prop. Please add it to improve page performance. Read more: https://nextjs.org/docs/api-reference/next/image#sizes (file://C:/Users/Chien Hust/ecommerce-digital/.next/dev/static/chunks/node_modules_next_dist_115brz8._.js:2477:13)
[browser] Image with src "https://placehold.co/600x400/00a4ef/ffffff?text=Windows+11+Pro" has "fill" but is missing "sizes" prop. Please add it to improve page performance. Read more: https://nextjs.org/docs/api-reference/next/image#sizes (file://C:/Users/Chien Hust/ecommerce-digital/.next/dev/static/chunks/node_modules_next_dist_115brz8._.js:2477:13)
[browser] Image with src "https://placehold.co/600x400/e53935/ffffff?text=Netflix+4K" has "fill" but is missing "sizes" prop. Please add it to improve page performance. Read more: https://nextjs.org/docs/api-reference/next/image#sizes (file://C:/Users/Chien Hust/ecommerce-digital/.next/dev/static/chunks/node_modules_next_dist_115brz8._.js:2477:13)
[browser] Image with src "https://placehold.co/600x400/7b1fa2/ffffff?text=Tool+MMO+Pro" has "fill" but is missing "sizes" prop. Please add it to improve page performance. Read more: https://nextjs.org/docs/api-reference/next/image#sizes (file://C:/Users/Chien Hust/ecommerce-digital/.next/dev/static/chunks/node_modules_next_dist_115brz8._.js:2477:13)
[browser] Image with src "https://placehold.co/600x400/1a73e8/ffffff?text=Kaspersky+IS" has "fill" but is missing "sizes" prop. Please add it to improve page performance. Read more: https://nextjs.org/docs/api-reference/next/image#sizes (file://C:/Users/Chien Hust/ecommerce-digital/.next/dev/static/chunks/node_modules_next_dist_115brz8._.js:2477:13)
[browser] Image with src "https://placehold.co/600x400/4a1d8e/ffffff?text=Office+365" has "fill" but is missing "sizes" prop. Please add it to improve page performance. Read more: https://nextjs.org/docs/api-reference/next/image#sizes (file://C:/Users/Chien Hust/ecommerce-digital/.next/dev/static/chunks/node_modules_next_dist_115brz8._.js:2477:13)
[browser] Image with src "https://placehold.co/600x400/8b1a1a/ffffff?text=Adobe+CC" has "fill" but is missing "sizes" prop. Please add it to improve page performance. Read more: https://nextjs.org/docs/api-reference/next/image#sizes (file://C:/Users/Chien Hust/ecommerce-digital/.next/dev/static/chunks/node_modules_next_dist_115brz8._.js:2477:13)
